yarn run v1.22.22
$ tsc -b && vite build
src/hooks/sellers/useSellbarBarcode.ts(37,45): error TS2741: Property 'presentations' is missing in type 'PresentationEntity' but required in type 'ProductWithPresentations'.
src/hooks/sellers/useSellbarBarcode.ts(87,58): error TS2322: Type 'ProductTicketType' is not assignable to type 'ProductTicketWithStockType'.
  Type 'ProductTicketType' is missing the following properties from type '{ product_id: string; stock: number; }': product_id, stock
src/hooks/sells/useSellDetailForm.ts(11,44): error TS2345: Argument of type 'ProductTicketType[]' is not assignable to parameter of type 'ProductTicketWithStockType[]'.
  Type 'ProductTicketType' is not assignable to type 'ProductTicketWithStockType'.
    Type 'ProductTicketType' is missing the following properties from type '{ product_id: string; stock: number; }': product_id, stock
src/main.tsx(1,1): error TS6133: 'StrictMode' is declared but its value is never read.
src/modules/account/pages/AccountPage.tsx(8,3): error TS2741: Property 'loading' is missing in type '{ icon: JSX.Element; description: string; url: string; }' but required in type 'LinksType'.
src/modules/account/pages/AccountPage.tsx(9,3): error TS2741: Property 'loading' is missing in type '{ icon: JSX.Element; description: string; url: string; }' but required in type 'LinksType'.
src/modules/cart/components/OrderConfirmedActionsComponent.tsx(4,15): error TS2305: Module '"@typings/sells/SellComponentTypes"' has no exported member 'OrderConfirmedActionsProps'.
src/modules/cart/components/SummaryItems.tsx(5,15): error TS2305: Module '"@typings/sells/SellComponentTypes"' has no exported member 'SummaryItem'.
src/modules/cart/components/SummaryItems.tsx(15,21): error TS7006: Parameter 'theme' implicitly has an 'any' type.
src/modules/cart/components/SummaryItems.tsx(22,21): error TS7006: Parameter 'theme' implicitly has an 'any' type.
src/modules/cart/components/SummaryItems.tsx(29,21): error TS7006: Parameter 'theme' implicitly has an 'any' type.
src/modules/cart/components/SummaryItems.tsx(36,21): error TS7006: Parameter 'theme' implicitly has an 'any' type.
src/modules/cart/components/TicketSummaryDetailsComponent.tsx(3,15): error TS2305: Module '"@typings/sells/SellComponentTypes"' has no exported member 'TicketSummaryDetailsProps'.
src/modules/categories/pages/CategoriesPage.tsx(27,28): error TS2307: Cannot find module '../../../shared/components/Options/DisplayOptions' or its corresponding type declarations.
src/modules/categories/pages/CategoriesPage.tsx(28,32): error TS2307: Cannot find module '../../../../typings/account/accountComponentTypes' or its corresponding type declarations.
src/modules/providers/pages/ProvidersPage.tsx(9,3): error TS2741: Property 'loading' is missing in type '{ icon: JSX.Element; description: string; url: string; }' but required in type 'LinksType'.
src/modules/providers/pages/ProvidersPage.tsx(10,3): error TS2741: Property 'loading' is missing in type '{ icon: JSX.Element; description: string; url: string; }' but required in type 'LinksType'.
src/modules/providers/pages/ProvidersPage.tsx(11,3): error TS2741: Property 'loading' is missing in type '{ icon: JSX.Element; description: string; url: string; }' but required in type 'LinksType'.
src/modules/sellers/api/components/CatalogHeader/SortByCatalogHeader.tsx(6,15): error TS2305: Module '"@typings/sells/SellComponentTypes"' has no exported member 'SortByCatalogHeaderProps'.
src/modules/sellers/api/components/CatalogHeader/ViewModeToggle.tsx(6,15): error TS2305: Module '"@typings/sells/SellComponentTypes"' has no exported member 'ViewModeToggleProps'.
src/modules/sellers/api/components/ProductDialog/handleAddProductItemToCart.tsx(31,67): error TS2322: Type 'ProductTicketType' is not assignable to type 'ProductTicketWithStockType'.
  Type 'ProductTicketType' is missing the following properties from type '{ product_id: string; stock: number; }': product_id, stock
src/modules/sellers/api/components/ProductItem/ProductItemChip.tsx(4,15): error TS2305: Module '"@typings/sells/SellComponentTypes"' has no exported member 'ProductItemChipProps'.
src/modules/sellers/api/components/ProductsExhibitorList/ProductExhibitorColumns.tsx(3,30): error TS2307: Cannot find module '../../../../typings/product/productTypes' or its corresponding type declarations.
src/modules/sellers/api/components/ProductsExhibitorList/ProductRowActionCell.tsx(3,15): error TS2305: Module '"@typings/sells/SellComponentTypes"' has no exported member 'ProductRowActionCellProps'.
src/modules/sellers/api/components/ProductsExhibitorList/ToolBarActions.tsx(7,15): error TS2305: Module '"@typings/sells/SellComponentTypes"' has no exported member 'ToolbarActionsProps'.
src/modules/sellers/api/sellerApi.ts(3,29): error TS2307: Cannot find module '@typings/seller/sellerPersonTypes' or its corresponding type declarations.
src/modules/sells/components/SellForm/SellDetailPaymentData.tsx(11,13): error TS2339: Property 'methodLabel' does not exist on type '{ method: PaymentMethod; status: SellStatusEnum; amountPaid: number | null; debtorName: string | null; pendingAmount: number | null; }'.
src/modules/sells/components/SellForm/SellDetailPaymentData.tsx(11,26): error TS2339: Property 'approved' does not exist on type '{ method: PaymentMethod; status: SellStatusEnum; amountPaid: number | null; debtorName: string | null; pendingAmount: number | null; }'.
src/modules/sells/components/SellForm/SellDetailPaymentData.tsx(11,36): error TS2339: Property 'reference' does not exist on type '{ method: PaymentMethod; status: SellStatusEnum; amountPaid: number | null; debtorName: string | null; pendingAmount: number | null; }'.
src/modules/sells/components/SellForm/SellDetailPaymentData.tsx(11,47): error TS2339: Property 'paymentDate' does not exist on type '{ method: PaymentMethod; status: SellStatusEnum; amountPaid: number | null; debtorName: string | null; pendingAmount: number | null; }'.
src/modules/sells/components/SellForm/SellFieldRegistry.ts(5,14): error TS2739: Type '{ _id: { label: string; tooltip: string; required: false; }; purchase_date: { label: string; tooltip: string; required: true; placeholder: string; }; modification_date: { label: string; tooltip: string; required: false; }; ... 7 more ...; currency: { ...; }; }' is missing the following properties from type 'Record<keyof SellEditFormValues, FieldConfig>': status, amount_paid, debtor_name
src/modules/shared/components/DataTable/GenericListCell.tsx(49,31): error TS6133: 'i' is declared but its value is never read.
src/modules/shared/components/PresentationAnalitycs/AnalyticsCharts.tsx(6,47): error TS6133: 'stockEvolution' is declared but its value is never read.
src/modules/shared/components/SuccessCard/index.ts(2,15): error TS2614: Module '"./SuccessCard"' has no exported member 'SuccessCardProps'. Did you mean to use 'import SuccessCardProps from "./SuccessCard"' instead?
src/modules/shared/components/SuccessCard/index.ts(2,33): error TS2614: Module '"./SuccessCard"' has no exported member 'SuccessCardAction'. Did you mean to use 'import SuccessCardAction from "./SuccessCard"' instead?
src/modules/shared/components/sharedSx/sharedSx.ts(13,27): error TS6133: 'theme' is declared but its value is never read.
src/modules/shop/pages/ShopAdminPage.tsx(9,3): error TS2741: Property 'loading' is missing in type '{ icon: JSX.Element; description: string; url: string; }' but required in type 'LinksType'.
src/modules/shop/pages/ShopAdminPage.tsx(10,3): error TS2741: Property 'loading' is missing in type '{ icon: JSX.Element; description: string; url: string; }' but required in type 'LinksType'.
src/modules/shop/pages/ShopAdminPage.tsx(11,3): error TS2741: Property 'loading' is missing in type '{ icon: JSX.Element; description: string; url: string; }' but required in type 'LinksType'.
src/modules/shop/pages/ShopPage.tsx(9,3): error TS2741: Property 'loading' is missing in type '{ icon: JSX.Element; description: string; url: string; }' but required in type 'LinksType'.
src/modules/shop/pages/ShopPage.tsx(10,3): error TS2741: Property 'loading' is missing in type '{ icon: JSX.Element; description: string; url: string; }' but required in type 'LinksType'.
src/modules/shop/pages/ShopPage.tsx(11,3): error TS2741: Property 'loading' is missing in type '{ icon: JSX.Element; description: string; url: string; }' but required in type 'LinksType'.
src/store/seller/sellerPersonSlice.ts(3,47): error TS2307: Cannot find module '@typings/seller/sellerPersonTypes' or its corresponding type declarations.
src/store/seller/sellerPersonThunks.ts(4,29): error TS2307: Cannot find module '@typings/seller/sellerPersonTypes' or its corresponding type declarations.
vite.config.ts(7,30): error TS2769: No overload matches this call.
  The last overload gave the following error.
    Type 'Plugin<any>[]' is not assignable to type 'PluginOption'.
      Type 'Plugin<any>[]' is not assignable to type 'PluginOption[]'.
        Type 'Plugin<any>' is not assignable to type 'PluginOption'.
          Type 'Plugin<any>' is not assignable to type 'Plugin$1<any>'.
            Types of property 'hotUpdate' are incompatible.
              Type 'import("/home/lautaro/Documents/personal/proyectos/KioscoApp/node_modules/rolldown/dist/shared/define-config-3BX_X2Am").S<(this: import("/home/lautaro/Documents/personal/proyectos/KioscoApp/node_modules/rolldown/dist/index").MinimalPluginContext & { ...; }, options: import("/home/lautaro/Documents/personal/proyectos...' is not assignable to type 'import("/home/lautaro/Documents/personal/proyectos/KioscoApp/node_modules/rollup/dist/rollup").ObjectHook<(this: import("/home/lautaro/Documents/personal/proyectos/KioscoApp/node_modules/rollup/dist/rollup").MinimalPluginContext & { ...; }, options: import("/home/lautaro/Documents/personal/proyectos/KioscoApp/node_m...'.
                Type '(this: MinimalPluginContext & { environment: DevEnvironment; }, options: HotUpdateOptions) => void | EnvironmentModuleNode[] | Promise<...>' is not assignable to type 'ObjectHook<(this: MinimalPluginContext & { environment: DevEnvironment; }, options: HotUpdateOptions) => void | EnvironmentModuleNode[] | Promise<...>> | undefined'.
                  Type '(this: import("/home/lautaro/Documents/personal/proyectos/KioscoApp/node_modules/rolldown/dist/index").MinimalPluginContext & { ...; }, options: import("/home/lautaro/Documents/personal/proyectos/KioscoApp/node_modules/vite/dist/node/index").HotUpdateOptions) => void | ... 1 more ... | Promise<...>' is not assignable to type '(this: import("/home/lautaro/Documents/personal/proyectos/KioscoApp/node_modules/rollup/dist/rollup").MinimalPluginContext & { ...; }, options: import("/home/lautaro/Documents/personal/proyectos/KioscoApp/node_modules/vitest/node_modules/vite/dist/node/index").HotUpdateOptions) => void | ... 1 more ... | Promise<...>'.
                    The 'this' types of each signature are incompatible.
                      Type 'import("/home/lautaro/Documents/personal/proyectos/KioscoApp/node_modules/rollup/dist/rollup").MinimalPluginContext & { environment: import("/home/lautaro/Documents/personal/proyectos/KioscoApp/node_modules/vitest/node_modules/vite/dist/node/index").DevEnvironment; }' is not assignable to type 'import("/home/lautaro/Documents/personal/proyectos/KioscoApp/node_modules/rolldown/dist/index").MinimalPluginContext & { environment: import("/home/lautaro/Documents/personal/proyectos/KioscoApp/node_modules/vite/dist/node/index").DevEnvironment; }'.
                        Type 'MinimalPluginContext & { environment: DevEnvironment; }' is not assignable to type 'MinimalPluginContext'.
                          Types of property 'meta' are incompatible.
                            Property 'rolldownVersion' is missing in type 'import("/home/lautaro/Documents/personal/proyectos/KioscoApp/node_modules/rollup/dist/rollup").PluginContextMeta' but required in type 'import("/home/lautaro/Documents/personal/proyectos/KioscoApp/node_modules/rolldown/dist/index").PluginContextMeta'.
error Command failed with exit code 1.
info Visit https://yarnpkg.com/en/docs/cli/run for documentation about this command.
